** Drc report for usb killer protector.kicad_pcb **
** Created on 2026-02-06T00:23:40+0530 **

** Found 8 DRC violations **
[copper_edge_clearance]: Board edge clearance violation (board setup constraints edge clearance 0.5000 mm; actual 0.0000 mm)
    Rule: board setup constraints edge; error
    @(98.9094 mm, 125.1886 mm): Segment of J1 on Edge.Cuts
    @(99.6796 mm, 125.1788 mm): Pad 8 [<no net>] of J1 on F.Cu
[copper_edge_clearance]: Board edge clearance violation (board setup constraints edge clearance 0.5000 mm; actual 0.0000 mm)
    Rule: board setup constraints edge; error
    @(98.9094 mm, 113.7840 mm): Segment of J1 on Edge.Cuts
    @(99.6796 mm, 113.7789 mm): Pad 7 [<no net>] of J1 on F.Cu
[invalid_outline]: Board has malformed outline (not a closed shape)
    Local override; error
    @(98.9094 mm, 125.1886 mm): Segment of J1 on Edge.Cuts
[invalid_outline]: Board has malformed outline (not a closed shape)
    Local override; error
    @(98.9094 mm, 113.7840 mm): Segment of J1 on Edge.Cuts
[solder_mask_bridge]: Front solder mask aperture bridges items with different nets
    Rule: board setup solder mask min width; error
    @(98.9094 mm, 113.7840 mm): NPTH pad of J1
    @(99.6796 mm, 113.7789 mm): Pad 7 [<no net>] of J1 on F.Cu
[solder_mask_bridge]: Front solder mask aperture bridges items with different nets
    Rule: board setup solder mask min width; error
    @(100.4588 mm, 113.7840 mm): NPTH pad of J1
    @(99.6796 mm, 113.7789 mm): Pad 7 [<no net>] of J1 on F.Cu
[solder_mask_bridge]: Front solder mask aperture bridges items with different nets
    Rule: board setup solder mask min width; error
    @(98.9094 mm, 125.1886 mm): NPTH pad of J1
    @(99.6796 mm, 125.1788 mm): Pad 8 [<no net>] of J1 on F.Cu
[solder_mask_bridge]: Front solder mask aperture bridges items with different nets
    Rule: board setup solder mask min width; error
    @(100.4588 mm, 125.1886 mm): NPTH pad of J1
    @(99.6796 mm, 125.1788 mm): Pad 8 [<no net>] of J1 on F.Cu

** Found 0 unconnected pads **

** Found 0 Footprint errors **

** End of Report **
